[Licensing::Module] Trying to connect to existing licensing client channel...
Built from '6000.0/staging' branch; Version is '6000.0.62f1 (f99f05b3e950) revision 16359173'; Using compiler version '193933523'; Build Type 'Release'
OS: 'Windows 11  (10.0.26100) 64bit Professional' Language: 'tr' Physical Memory: 32621 MB
[Licensing::IpcConnector] Successfully connected to: "LicenseClient-Mehmet" at "2025-12-30T08:14:40.0731549Z"
BatchMode: 1, IsHumanControllingUs: 0, StartBugReporterOnCrash: 0, Is64bit: 1
Date: 2025-12-30T08:14:40Z

COMMAND LINE ARGUMENTS:
C:\Program Files\Unity\Hub\Editor\6000.0.62f1\Editor\Unity.exe
-adb2
-batchMode
-noUpm
-name
AssetImportWorker0
-projectPath
D:/Github/Project-Survival
-logFile
Logs/AssetImportWorker0.log
-srvPort
64822
-licensingIpc
LicenseClient-Mehmet
-job-worker-count
11
-background-job-worker-count
8
-gc-helper-count
1
-name
AssetImport
Successfully changed project path to: D:/Github/Project-Survival
D:/Github/Project-Survival
[UnityMemory] Configuration Parameters - Can be set up in boot.config
    "memorysetup-bucket-allocator-granularity=16"
    "memorysetup-bucket-allocator-bucket-count=8"
    "memorysetup-bucket-allocator-block-size=33554432"
    "memorysetup-bucket-allocator-block-count=8"
    "memorysetup-main-allocator-block-size=16777216"
    "memorysetup-thread-allocator-block-size=16777216"
    "memorysetup-gfx-main-allocator-block-size=16777216"
    "memorysetup-gfx-thread-allocator-block-size=16777216"
    "memorysetup-cache-allocator-block-size=4194304"
    "memorysetup-typetree-allocator-block-size=2097152"
    "memorysetup-profiler-bucket-allocator-granularity=16"
    "memorysetup-profiler-bucket-allocator-bucket-count=8"
    "memorysetup-profiler-bucket-allocator-block-size=33554432"
    "memorysetup-profiler-bucket-allocator-block-count=8"
    "memorysetup-profiler-allocator-block-size=16777216"
    "memorysetup-profiler-editor-allocator-block-size=1048576"
    "memorysetup-temp-allocator-size-main=16777216"
    "memorysetup-job-temp-allocator-block-size=2097152"
    "memorysetup-job-temp-allocator-block-size-background=1048576"
    "memorysetup-job-temp-allocator-reduction-small-platforms=262144"
    "memorysetup-allocator-temp-initial-block-size-main=262144"
    "memorysetup-allocator-temp-initial-block-size-worker=262144"
    "memorysetup-temp-allocator-size-background-worker=32768"
    "memorysetup-temp-allocator-size-job-worker=262144"
    "memorysetup-temp-allocator-size-preload-manager=33554432"
    "memorysetup-temp-allocator-size-nav-mesh-worker=65536"
    "memorysetup-temp-allocator-size-audio-worker=65536"
    "memorysetup-temp-allocator-size-cloud-worker=32768"
    "memorysetup-temp-allocator-size-gi-baking-worker=262144"
    "memorysetup-temp-allocator-size-gi-baking-worker=262144"
    "memorysetup-temp-allocator-size-gi-baking-worker=262144"
    "memorysetup-temp-allocator-size-gi-baking-worker=262144"
    "memorysetup-temp-allocator-size-gi-baking-worker=262144"
    "memorysetup-temp-allocator-size-gfx=262144"
Player connection [10120]  Target information:

Player connection [10120]  * "[IP] 10.0.1.102 [Port] 0 [Flags] 2 [Guid] 4233491145 [EditorId] 4233491145 [Version] 1048832 [Id] WindowsEditor(7,DESKTOP-P02AFH1) [Debug] 1 [PackageName] WindowsEditor [ProjectName] Editor" 

Player connection [10120] Host joined multi-casting on [225.0.0.222:54997]...
Player connection [10120] Host joined alternative multi-casting on [225.0.0.222:34997]...
JobSystem: Creating JobQueue using job-worker-count value 11
Input System module state changed to: Initialized.
[Physics::Module] Initialized fallback backend.
[Physics::Module] Id: 0xdecafbad
[Licensing::Client] Code 10 while verifying Licensing Client signature (process Id: 9972, path: "C:/Program Files/Unity Hub/UnityLicensingClient_V1/Unity.Licensing.Client.exe")
[Licensing::Module] LicensingClient has failed validation; ignoring
[Licensing::Client] Handshaking with LicensingClient:
  Version:                 1.17.3+a4e98f1
  Session Id:              5514bb237c3742dc80d909098f25f52c
  Correlation Id:          fdfd7b63c3b0fc2d495c0099e0393c9f
  External correlation Id: 165901427902007819
  Machine Id:              zsDTylX/wbsPzAhj9VZkiZ+wIzE=
[Licensing::Module] Successfully connected to LicensingClient on channel: "LicenseClient-Mehmet" (connect: 0.00s, validation: 0.00s, handshake: 0.03s)
[Licensing::IpcConnector] Successfully connected to: "LicenseClient-Mehmet-notifications" at "2025-12-30T08:14:40.1017862Z"
[Licensing::Module] Licensing Background thread has ended after 0.03s
Library Redirect Path: Library/
[Physics::Module] Selected backend.
[Physics::Module] Name: PhysX
[Physics::Module] Id: 0xf2b8ea05
[Physics::Module] SDK Version: 4.1.2
[Physics::Module] Integration Version: 1.0.0
[Physics::Module] Threading Mode: Multi-Threaded
Refreshing native plugins compatible for Editor in 2.04 ms, found 3 plugins.
Preloading 0 native plugins for Editor in 0.00 ms.
Initialize engine version: 6000.0.62f1 (f99f05b3e950)
[Subsystems] Discovering subsystems at path C:/Program Files/Unity/Hub/Editor/6000.0.62f1/Editor/Data/Resources/UnitySubsystems
[Subsystems] Discovering subsystems at path D:/Github/Project-Survival/Assets
GfxDevice: creating device client; kGfxThreadingModeNonThreaded
Direct3D:
    Version:  Direct3D 11.0 [level 11.1]
    Renderer: NVIDIA GeForce RTX 3050 (ID=0x2507)
    Vendor:   NVIDIA
    VRAM:     8042 MB
    Driver:   32.0.15.8157
Initialize mono
Mono path[0] = 'C:/Program Files/Unity/Hub/Editor/6000.0.62f1/Editor/Data/Managed'
Mono path[1] = 'C:/Program Files/Unity/Hub/Editor/6000.0.62f1/Editor/Data/MonoBleedingEdge/lib/mono/unityjit-win32'
Mono config path = 'C:/Program Files/Unity/Hub/Editor/6000.0.62f1/Editor/Data/MonoBleedingEdge/etc'
Using monoOptions --debugger-agent=transport=dt_socket,embedding=1,server=y,suspend=n,address=127.0.0.1:56456
Begin MonoManager ReloadAssembly
Registering precompiled unity dll's ...
Register platform support module: C:/Program Files/Unity/Hub/Editor/6000.0.62f1/Editor/Data/PlaybackEngines/WebGLSupport/UnityEditor.WebGL.Extensions.dll
Register platform support module: C:/Program Files/Unity/Hub/Editor/6000.0.62f1/Editor/Data/PlaybackEngines/WindowsStandaloneSupport/UnityEditor.WindowsStandalone.Extensions.dll
Registered in 0.002172 seconds.
- Loaded All Assemblies, in  0.246 seconds
Native extension for WindowsStandalone target not found
Native extension for WebGL target not found
Mono: successfully reloaded assembly
- Finished resetting the current domain, in  0.213 seconds
Domain Reload Profiling: 458ms
	BeginReloadAssembly (81ms)
		ExecutionOrderSort (0ms)
		DisableScriptedObjects (0ms)
		BackupInstance (0ms)
		ReleaseScriptingObjects (0ms)
		CreateAndSetChildDomain (0ms)
	RebuildCommonClasses (23ms)
	RebuildNativeTypeToScriptingClass (8ms)
	initialDomainReloadingComplete (32ms)
	LoadAllAssembliesAndSetupDomain (102ms)
		LoadAssemblies (79ms)
		RebuildTransferFunctionScriptingTraits (0ms)
		AnalyzeDomain (100ms)
			TypeCache.Refresh (99ms)
				TypeCache.ScanAssembly (90ms)
			BuildScriptInfoCaches (0ms)
			ResolveRequiredComponents (0ms)
	FinalizeReload (213ms)
		ReleaseScriptCaches (0ms)
		RebuildScriptCaches (0ms)
		SetupLoadedEditorAssemblies (184ms)
			LogAssemblyErrors (0ms)
			InitializePlatformSupportModulesInManaged (16ms)
			SetLoadedEditorAssemblies (3ms)
			BeforeProcessingInitializeOnLoad (36ms)
			ProcessInitializeOnLoadAttributes (95ms)
			ProcessInitializeOnLoadMethodAttributes (33ms)
			AfterProcessingInitializeOnLoad (0ms)
			EditorAssembliesLoaded (0ms)
		ExecutionOrderSort2 (0ms)
		AwakeInstancesAfterBackupRestoration (0ms)
Assembly reference Packages/com.unity.cinemachine/Editor/Samples/ExposeHDRPInternals/HDRP-Editor-ref.asmref has no target assembly definition
========================================================================
Worker process is ready to serve import requests
Import Worker Mode flag is 0x00
Assembly reference Packages/com.unity.cinemachine/Editor/Samples/ExposeHDRPInternals/HDRP-Editor-ref.asmref has no target assembly definition
Assembly reference Packages/com.unity.cinemachine/Editor/Samples/ExposeHDRPInternals/HDRP-Editor-ref.asmref has no target assembly definition
Begin MonoManager ReloadAssembly
[Licensing::Client] Successfully resolved entitlement details
[Licensing::Module] License group:
  Id: 18966783445336-UnityPersXXXX
  Product: Unity Personal
  Type: Assigned
  Expiration: Unlimited
- Loaded All Assemblies, in  0.574 seconds
Assembly reference Packages/com.unity.cinemachine/Editor/Samples/ExposeHDRPInternals/HDRP-Editor-ref.asmref has no target assembly definition
Script 'Tree' has the same name as built-in Unity component.
AddComponent and GetComponent will not work with this script.
'Packages/com.unity.cinemachine/Editor/Obsolete/CinemachineVirtualCameraBaseEditor.cs' contains partial class of Unity.Object, exactly 1 of the partial classes needs to be in a file with the same filename. This is to know the one that can be referenced from ie. GameObjects
'Packages/com.unity.cinemachine/Editor/Editors/CinemachineVirtualCameraBaseEditor.cs' contains partial class of Unity.Object, exactly 1 of the partial classes needs to be in a file with the same filename. This is to know the one that can be referenced from ie. GameObjects
Refreshing native plugins compatible for Editor in 0.38 ms, found 3 plugins.
Native extension for WindowsStandalone target not found
Native extension for WebGL target not found
Assembly reference Packages/com.unity.cinemachine/Editor/Samples/ExposeHDRPInternals/HDRP-Editor-ref.asmref has no target assembly definition
[MODES] ModeService[none].Initialize
[MODES] ModeService[none].LoadModes
[MODES] Loading mode Default (0) for mode-current-id-Project Survivor
Package Manager log level set to [2]
[Package Manager] Failed to launch server process. Reason: Unity was launched with the -noUpm command-line argument
[Package Manager] Unable to send message (not connected to server process).
[Package Manager] Cannot connect to Unity Package Manager local server
[Package Manager] Failed to launch server process. Reason: Unity was launched with the -noUpm command-line argument
[Package Manager] Unable to send message (not connected to server process).
[Package Manager] Cannot connect to Unity Package Manager local server
Mono: successfully reloaded assembly
- Finished resetting the current domain, in  0.640 seconds
Domain Reload Profiling: 1212ms
	BeginReloadAssembly (114ms)
		ExecutionOrderSort (0ms)
		DisableScriptedObjects (4ms)
		BackupInstance (0ms)
		ReleaseScriptingObjects (0ms)
		CreateAndSetChildDomain (16ms)
	RebuildCommonClasses (24ms)
	RebuildNativeTypeToScriptingClass (8ms)
	initialDomainReloadingComplete (25ms)
	LoadAllAssembliesAndSetupDomain (402ms)
		LoadAssemblies (266ms)
		RebuildTransferFunctionScriptingTraits (0ms)
		AnalyzeDomain (196ms)
			TypeCache.Refresh (149ms)
				TypeCache.ScanAssembly (138ms)
			BuildScriptInfoCaches (37ms)
			ResolveRequiredComponents (8ms)
	FinalizeReload (640ms)
		ReleaseScriptCaches (0ms)
		RebuildScriptCaches (0ms)
		SetupLoadedEditorAssemblies (497ms)
			LogAssemblyErrors (0ms)
			InitializePlatformSupportModulesInManaged (2ms)
			SetLoadedEditorAssemblies (3ms)
			BeforeProcessingInitializeOnLoad (71ms)
			ProcessInitializeOnLoadAttributes (385ms)
			ProcessInitializeOnLoadMethodAttributes (32ms)
			AfterProcessingInitializeOnLoad (3ms)
			EditorAssembliesLoaded (0ms)
		ExecutionOrderSort2 (0ms)
		AwakeInstancesAfterBackupRestoration (4ms)
Launched and connected shader compiler UnityShaderCompiler.exe after 0.01 seconds
Refreshing native plugins compatible for Editor in 0.55 ms, found 3 plugins.
Preloading 0 native plugins for Editor in 0.00 ms.
Unloading 14 Unused Serialized files (Serialized files now loaded: 0)
Unloading 6754 unused Assets / (4.6 MB). Loaded Objects now: 7447.
Memory consumption went from 222.3 MB to 217.7 MB.
Total: 5.632900 ms (FindLiveObjects: 0.405500 ms CreateObjectMapping: 0.226200 ms MarkObjects: 3.427900 ms  DeleteObjects: 1.572500 ms)

========================================================================
Received Import Request.
  Time since last request: 13196.495817 seconds.
  path: Assets/Models/PolyRonin/Pine Forest Pack/Prefabs/Flower2.prefab
  artifactKey: Guid(c0d47bd4183663b4d959045e4b3d4643) Importer(815301076,1909f56bfc062723c751e8b465ee728b)
Start importing Assets/Models/PolyRonin/Pine Forest Pack/Prefabs/Flower2.prefab using Guid(c0d47bd4183663b4d959045e4b3d4643) Importer(815301076,1909f56bfc062723c751e8b465ee728b) (PreviewImporter) -> (artifact id: '597e8b45c9a3e0ae7a566665ffd694a8') in 0.3282933 seconds
Number of updated asset objects reloaded before import = 0Number of asset objects unloaded after import = 9

========================================================================
Received Import Request.
  Time since last request: 6.323832 seconds.
  path: Assets/Models/OccaSoftware
  artifactKey: Guid(b3f626ab97596354c9a5a2e80c968986) Importer(815301076,1909f56bfc062723c751e8b465ee728b)
Start importing Assets/Models/OccaSoftware using Guid(b3f626ab97596354c9a5a2e80c968986) Importer(815301076,1909f56bfc062723c751e8b465ee728b) (PreviewImporter) -> (artifact id: 'cbcf51a5bd09fea1ec0cfff9148aa203') in 0.0004974 seconds
Number of updated asset objects reloaded before import = 0Number of asset objects unloaded after import = 0

========================================================================
Received Import Request.
  Time since last request: 0.998846 seconds.
  path: Assets/Models/OccaSoftware/Low Poly Fantasy Village
  artifactKey: Guid(4b66711b8044b6346a1805cc0eea37c6) Importer(815301076,1909f56bfc062723c751e8b465ee728b)
Start importing Assets/Models/OccaSoftware/Low Poly Fantasy Village using Guid(4b66711b8044b6346a1805cc0eea37c6) Importer(815301076,1909f56bfc062723c751e8b465ee728b) (PreviewImporter) -> (artifact id: 'cf4f99505b57a51de80e62f75773fa3a') in 0.0003578 seconds
Number of updated asset objects reloaded before import = 0Number of asset objects unloaded after import = 0

========================================================================
Received Import Request.
  Time since last request: 3.548167 seconds.
  path: Assets/Models/OccaSoftware/Low Poly Fantasy Village/Samples
  artifactKey: Guid(8f64e357a3e20484d9db3f03e0e93cdc) Importer(815301076,1909f56bfc062723c751e8b465ee728b)
Start importing Assets/Models/OccaSoftware/Low Poly Fantasy Village/Samples using Guid(8f64e357a3e20484d9db3f03e0e93cdc) Importer(815301076,1909f56bfc062723c751e8b465ee728b) (PreviewImporter) -> (artifact id: '991b4f1eaf611f45130cbecca7887e27') in 0.0054979 seconds
Number of updated asset objects reloaded before import = 0Number of asset objects unloaded after import = 0

========================================================================
Received Import Request.
  Time since last request: 1.622743 seconds.
  path: Assets/Models/OccaSoftware/Low Poly Fantasy Village/Samples/Demo
  artifactKey: Guid(52dfdfa72220ad740896ddd251870e2c) Importer(815301076,1909f56bfc062723c751e8b465ee728b)
Start importing Assets/Models/OccaSoftware/Low Poly Fantasy Village/Samples/Demo using Guid(52dfdfa72220ad740896ddd251870e2c) Importer(815301076,1909f56bfc062723c751e8b465ee728b) (PreviewImporter) -> (artifact id: '87a4d4affec09d9f4b2d38afbbb85ac5') in 0.0003626 seconds
Number of updated asset objects reloaded before import = 0Number of asset objects unloaded after import = 0

========================================================================
Received Import Request.
  Time since last request: 1.037955 seconds.
  path: Assets/Models/OccaSoftware/Low Poly Fantasy Village/Samples/Demo/Scene
  artifactKey: Guid(6d8cbdc2683b62449b5ed2a827bfadff) Importer(815301076,1909f56bfc062723c751e8b465ee728b)
Start importing Assets/Models/OccaSoftware/Low Poly Fantasy Village/Samples/Demo/Scene using Guid(6d8cbdc2683b62449b5ed2a827bfadff) Importer(815301076,1909f56bfc062723c751e8b465ee728b) (PreviewImporter) -> (artifact id: '8c05d6e4b31a0864304d2162f7e190d2') in 0.0003506 seconds
Number of updated asset objects reloaded before import = 0Number of asset objects unloaded after import = 0

========================================================================
Received Import Request.
  Time since last request: 0.721257 seconds.
  path: Assets/Models/OccaSoftware/Low Poly Fantasy Village/Samples/Demo/Scene/Village.unity
  artifactKey: Guid(a6c782db10356fe4a93dd4985d7c143a) Importer(815301076,1909f56bfc062723c751e8b465ee728b)
Start importing Assets/Models/OccaSoftware/Low Poly Fantasy Village/Samples/Demo/Scene/Village.unity using Guid(a6c782db10356fe4a93dd4985d7c143a) Importer(815301076,1909f56bfc062723c751e8b465ee728b) (PreviewImporter) -> (artifact id: 'ddc0f52676dba8fb6b9f17d75ab5a1a5') in 0.0003792 seconds
Number of updated asset objects reloaded before import = 0Number of asset objects unloaded after import = 0

========================================================================
Received Import Request.
  Time since last request: 60.700921 seconds.
  path: Assets/Scenes
  artifactKey: Guid(9c53962885c2c4f449125a979d6ad240) Importer(815301076,1909f56bfc062723c751e8b465ee728b)
Start importing Assets/Scenes using Guid(9c53962885c2c4f449125a979d6ad240) Importer(815301076,1909f56bfc062723c751e8b465ee728b) (PreviewImporter) -> (artifact id: 'd65b75f456837a3494a5e6e744543932') in 0.0004342 seconds
Number of updated asset objects reloaded before import = 0Number of asset objects unloaded after import = 0

========================================================================
Received Import Request.
  Time since last request: 1.040971 seconds.
  path: Assets/Scenes/SampleScene.unity
  artifactKey: Guid(9fc0d4010bbf28b4594072e72b8655ab) Importer(815301076,1909f56bfc062723c751e8b465ee728b)
Start importing Assets/Scenes/SampleScene.unity using Guid(9fc0d4010bbf28b4594072e72b8655ab) Importer(815301076,1909f56bfc062723c751e8b465ee728b) (PreviewImporter) -> (artifact id: 'e6b0ce9eff4ce2fb748f544ba2e9609a') in 0.0003629 seconds
Number of updated asset objects reloaded before import = 0Number of asset objects unloaded after import = 0

========================================================================
Received Import Request.
  Time since last request: 57.938376 seconds.
  path: Assets/Models/OccaSoftware/Low Poly Fantasy Village/Prefabs
  artifactKey: Guid(8a7ada547f07ba3468bcf01c1fd5c303) Importer(815301076,1909f56bfc062723c751e8b465ee728b)
Start importing Assets/Models/OccaSoftware/Low Poly Fantasy Village/Prefabs using Guid(8a7ada547f07ba3468bcf01c1fd5c303) Importer(815301076,1909f56bfc062723c751e8b465ee728b) (PreviewImporter) -> (artifact id: 'cffb2cfac3320611cafea3278bf52618') in 0.0088265 seconds
Number of updated asset objects reloaded before import = 0Number of asset objects unloaded after import = 0

========================================================================
Received Import Request.
  Time since last request: 0.041326 seconds.
  path: Assets/Models/OccaSoftware/Low Poly Fantasy Village/Prefabs/Bench.prefab
  artifactKey: Guid(ee743d366a1d15f4280fcc33f72891e5) Importer(815301076,1909f56bfc062723c751e8b465ee728b)
Start importing Assets/Models/OccaSoftware/Low Poly Fantasy Village/Prefabs/Bench.prefab using Guid(ee743d366a1d15f4280fcc33f72891e5) Importer(815301076,1909f56bfc062723c751e8b465ee728b) (PreviewImporter) -> (artifact id: '3bbed6c16d9e6ab5b5ff44df27bcda81') in 0.020704 seconds
Number of updated asset objects reloaded before import = 0Number of asset objects unloaded after import = 10

========================================================================
Received Import Request.
  Time since last request: 0.000019 seconds.
  path: Assets/Models/OccaSoftware/Low Poly Fantasy Village/Prefabs/Bridge.prefab
  artifactKey: Guid(d20f7c791b6c5ca459c45f167993e50d) Importer(815301076,1909f56bfc062723c751e8b465ee728b)
Start importing Assets/Models/OccaSoftware/Low Poly Fantasy Village/Prefabs/Bridge.prefab using Guid(d20f7c791b6c5ca459c45f167993e50d) Importer(815301076,1909f56bfc062723c751e8b465ee728b) (PreviewImporter) -> (artifact id: 'aadc59781f85d01b3ff4d9668c208052') in 0.0437438 seconds
Number of updated asset objects reloaded before import = 0Number of asset objects unloaded after import = 10

========================================================================
Received Import Request.
  Time since last request: 0.000028 seconds.
  path: Assets/Models/OccaSoftware/Low Poly Fantasy Village/Prefabs/Cliff_5.prefab
  artifactKey: Guid(7e525c8d5ef27724c957da5dfce8be70) Importer(815301076,1909f56bfc062723c751e8b465ee728b)
Start importing Assets/Models/OccaSoftware/Low Poly Fantasy Village/Prefabs/Cliff_5.prefab using Guid(7e525c8d5ef27724c957da5dfce8be70) Importer(815301076,1909f56bfc062723c751e8b465ee728b) (PreviewImporter) -> (artifact id: 'e22de3e4a3def11d20e4905f6fcf9ae5') in 0.0370554 seconds
Number of updated asset objects reloaded before import = 0Number of asset objects unloaded after import = 10

========================================================================
Received Import Request.
  Time since last request: 0.000017 seconds.
  path: Assets/Models/OccaSoftware/Low Poly Fantasy Village/Prefabs/Crate.prefab
  artifactKey: Guid(4e08fdf4080c15941b2b10e6aac7bfa6) Importer(815301076,1909f56bfc062723c751e8b465ee728b)
Start importing Assets/Models/OccaSoftware/Low Poly Fantasy Village/Prefabs/Crate.prefab using Guid(4e08fdf4080c15941b2b10e6aac7bfa6) Importer(815301076,1909f56bfc062723c751e8b465ee728b) (PreviewImporter) -> (artifact id: '2703fa121054ae21ac41a096892da94b') in 0.0204231 seconds
Number of updated asset objects reloaded before import = 0Number of asset objects unloaded after import = 10

========================================================================
Received Import Request.
  Time since last request: 0.000019 seconds.
  path: Assets/Models/OccaSoftware/Low Poly Fantasy Village/Prefabs/Flower_4.prefab
  artifactKey: Guid(466b9e1bb6210f94bbdd141eb97e3c8d) Importer(815301076,1909f56bfc062723c751e8b465ee728b)
Start importing Assets/Models/OccaSoftware/Low Poly Fantasy Village/Prefabs/Flower_4.prefab using Guid(466b9e1bb6210f94bbdd141eb97e3c8d) Importer(815301076,1909f56bfc062723c751e8b465ee728b) (PreviewImporter) -> (artifact id: '51072ca92d68ecaf85404d2e45d08b57') in 0.0397313 seconds
Number of updated asset objects reloaded before import = 0Number of asset objects unloaded after import = 10

========================================================================
Received Import Request.
  Time since last request: 0.000020 seconds.
  path: Assets/Models/OccaSoftware/Low Poly Fantasy Village/Prefabs/Mountain_1.prefab
  artifactKey: Guid(de546e230fe491d46aaca545e62493c5) Importer(815301076,1909f56bfc062723c751e8b465ee728b)
Start importing Assets/Models/OccaSoftware/Low Poly Fantasy Village/Prefabs/Mountain_1.prefab using Guid(de546e230fe491d46aaca545e62493c5) Importer(815301076,1909f56bfc062723c751e8b465ee728b) (PreviewImporter) -> (artifact id: 'fde1f440692fc2e2d93f4100159478c1') in 0.0487161 seconds
Number of updated asset objects reloaded before import = 0Number of asset objects unloaded after import = 10

========================================================================
Received Import Request.
  Time since last request: 0.000024 seconds.
  path: Assets/Models/OccaSoftware/Low Poly Fantasy Village/Prefabs/Path Piece_1.prefab
  artifactKey: Guid(2f1bf4cd7a3cdcd4ea279d67496dfee9) Importer(815301076,1909f56bfc062723c751e8b465ee728b)
Start importing Assets/Models/OccaSoftware/Low Poly Fantasy Village/Prefabs/Path Piece_1.prefab using Guid(2f1bf4cd7a3cdcd4ea279d67496dfee9) Importer(815301076,1909f56bfc062723c751e8b465ee728b) (PreviewImporter) -> (artifact id: 'a9a8c017a9d21607aadb3ce46be4766c') in 0.0213658 seconds
Number of updated asset objects reloaded before import = 0Number of asset objects unloaded after import = 10

========================================================================
Received Import Request.
  Time since last request: 0.000021 seconds.
  path: Assets/Models/OccaSoftware/Low Poly Fantasy Village/Prefabs/House_3.prefab
  artifactKey: Guid(d4e0f7e6af5fde041b562e69c8777fe6) Importer(815301076,1909f56bfc062723c751e8b465ee728b)
Start importing Assets/Models/OccaSoftware/Low Poly Fantasy Village/Prefabs/House_3.prefab using Guid(d4e0f7e6af5fde041b562e69c8777fe6) Importer(815301076,1909f56bfc062723c751e8b465ee728b) (PreviewImporter) -> (artifact id: 'a9891d71b5c545ee126a8085e16913b0') in 0.0465298 seconds
Number of updated asset objects reloaded before import = 0Number of asset objects unloaded after import = 10

========================================================================
Received Import Request.
  Time since last request: 0.000017 seconds.
  path: Assets/Models/OccaSoftware/Low Poly Fantasy Village/Prefabs/Flower_5.prefab
  artifactKey: Guid(ac9e976c13c875648856e6486297ee60) Importer(815301076,1909f56bfc062723c751e8b465ee728b)
Start importing Assets/Models/OccaSoftware/Low Poly Fantasy Village/Prefabs/Flower_5.prefab using Guid(ac9e976c13c875648856e6486297ee60) Importer(815301076,1909f56bfc062723c751e8b465ee728b) (PreviewImporter) -> (artifact id: 'ef61911361b424b082593cca4d0fd339') in 0.0157978 seconds
Number of updated asset objects reloaded before import = 0Number of asset objects unloaded after import = 10

========================================================================
Received Import Request.
  Time since last request: 0.000031 seconds.
  path: Assets/Models/OccaSoftware/Low Poly Fantasy Village/Prefabs/Cliff_7.prefab
  artifactKey: Guid(efab6186a53e2584cb2a006ea786428d) Importer(815301076,1909f56bfc062723c751e8b465ee728b)
Start importing Assets/Models/OccaSoftware/Low Poly Fantasy Village/Prefabs/Cliff_7.prefab using Guid(efab6186a53e2584cb2a006ea786428d) Importer(815301076,1909f56bfc062723c751e8b465ee728b) (PreviewImporter) -> (artifact id: '6c40e1d08990cefd91caf85668363b85') in 0.0160094 seconds
Number of updated asset objects reloaded before import = 0Number of asset objects unloaded after import = 10

========================================================================
Received Import Request.
  Time since last request: 0.000030 seconds.
  path: Assets/Models/OccaSoftware/Low Poly Fantasy Village/Prefabs/Path Piece_2.prefab
  artifactKey: Guid(e3d104e6c8824ca40a20fa0b16308ec4) Importer(815301076,1909f56bfc062723c751e8b465ee728b)
Start importing Assets/Models/OccaSoftware/Low Poly Fantasy Village/Prefabs/Path Piece_2.prefab using Guid(e3d104e6c8824ca40a20fa0b16308ec4) Importer(815301076,1909f56bfc062723c751e8b465ee728b) (PreviewImporter) -> (artifact id: '0a3a15ff5268dda76543f985c17cd4b8') in 0.0056777 seconds
Number of updated asset objects reloaded before import = 0Number of asset objects unloaded after import = 10

========================================================================
Received Import Request.
  Time since last request: 0.000033 seconds.
  path: Assets/Models/OccaSoftware/Low Poly Fantasy Village/Prefabs/Mountain_2.prefab
  artifactKey: Guid(10dda8866777bf44f9ce6862664323b1) Importer(815301076,1909f56bfc062723c751e8b465ee728b)
Start importing Assets/Models/OccaSoftware/Low Poly Fantasy Village/Prefabs/Mountain_2.prefab using Guid(10dda8866777bf44f9ce6862664323b1) Importer(815301076,1909f56bfc062723c751e8b465ee728b) (PreviewImporter) -> (artifact id: 'b9a8d1ba7f325eab63dd77c29ff112f5') in 0.0176931 seconds
Number of updated asset objects reloaded before import = 0Number of asset objects unloaded after import = 10

========================================================================
Received Import Request.
  Time since last request: 0.000024 seconds.
  path: Assets/Models/OccaSoftware/Low Poly Fantasy Village/Prefabs/Flower_3.prefab
  artifactKey: Guid(875a520d510886043836c1da07874b53) Importer(815301076,1909f56bfc062723c751e8b465ee728b)
Start importing Assets/Models/OccaSoftware/Low Poly Fantasy Village/Prefabs/Flower_3.prefab using Guid(875a520d510886043836c1da07874b53) Importer(815301076,1909f56bfc062723c751e8b465ee728b) (PreviewImporter) -> (artifact id: 'ebaf1b0d5aa4bbb6a2223e74a5aba086') in 0.0135278 seconds
Number of updated asset objects reloaded before import = 0Number of asset objects unloaded after import = 10

========================================================================
Received Import Request.
  Time since last request: 0.000023 seconds.
  path: Assets/Models/OccaSoftware/Low Poly Fantasy Village/Prefabs/Flower_1.prefab
  artifactKey: Guid(454c2db2cdbf1b6458ec9b7174b5cc1e) Importer(815301076,1909f56bfc062723c751e8b465ee728b)
Start importing Assets/Models/OccaSoftware/Low Poly Fantasy Village/Prefabs/Flower_1.prefab using Guid(454c2db2cdbf1b6458ec9b7174b5cc1e) Importer(815301076,1909f56bfc062723c751e8b465ee728b) (PreviewImporter) -> (artifact id: '706a49dab63634e79db543f3700d7916') in 0.0111903 seconds
Number of updated asset objects reloaded before import = 0Number of asset objects unloaded after import = 10

========================================================================
Received Import Request.
  Time since last request: 0.000028 seconds.
  path: Assets/Models/OccaSoftware/Low Poly Fantasy Village/Prefabs/Cliff_3.prefab
  artifactKey: Guid(f53d43fa45e2a32458980cb12ee76084) Importer(815301076,1909f56bfc062723c751e8b465ee728b)
Start importing Assets/Models/OccaSoftware/Low Poly Fantasy Village/Prefabs/Cliff_3.prefab using Guid(f53d43fa45e2a32458980cb12ee76084) Importer(815301076,1909f56bfc062723c751e8b465ee728b) (PreviewImporter) -> (artifact id: '3dc1c025c6e1a9b9cb7198716a7e6791') in 0.0101068 seconds
Number of updated asset objects reloaded before import = 0Number of asset objects unloaded after import = 10

========================================================================
Received Import Request.
  Time since last request: 0.000019 seconds.
  path: Assets/Models/OccaSoftware/Low Poly Fantasy Village/Prefabs/House_2.prefab
  artifactKey: Guid(17baadd2d44e62d4e8a91e885ce4144e) Importer(815301076,1909f56bfc062723c751e8b465ee728b)
Start importing Assets/Models/OccaSoftware/Low Poly Fantasy Village/Prefabs/House_2.prefab using Guid(17baadd2d44e62d4e8a91e885ce4144e) Importer(815301076,1909f56bfc062723c751e8b465ee728b) (PreviewImporter) -> (artifact id: 'aa46814f6bf64d23327cafc1b64c3c1f') in 0.0163406 seconds
Number of updated asset objects reloaded before import = 0Number of asset objects unloaded after import = 10

========================================================================
Received Import Request.
  Time since last request: 3.532040 seconds.
  path: Assets/Models/OccaSoftware/Low Poly Fantasy Village/Prefabs/Path Piece_7.prefab
  artifactKey: Guid(d29bb6c6b354875488667cc20a2817df) Importer(815301076,1909f56bfc062723c751e8b465ee728b)
Start importing Assets/Models/OccaSoftware/Low Poly Fantasy Village/Prefabs/Path Piece_7.prefab using Guid(d29bb6c6b354875488667cc20a2817df) Importer(815301076,1909f56bfc062723c751e8b465ee728b) (PreviewImporter) -> (artifact id: '9d4b2b47dc175060863c4c950bfd4af2') in 0.0051687 seconds
Number of updated asset objects reloaded before import = 0Number of asset objects unloaded after import = 10

========================================================================
Received Import Request.
  Time since last request: 0.000068 seconds.
  path: Assets/Models/OccaSoftware/Low Poly Fantasy Village/Prefabs/Path Piece_10.prefab
  artifactKey: Guid(bde74c49e0100d046a0dd7f45b3c07ca) Importer(815301076,1909f56bfc062723c751e8b465ee728b)
Start importing Assets/Models/OccaSoftware/Low Poly Fantasy Village/Prefabs/Path Piece_10.prefab using Guid(bde74c49e0100d046a0dd7f45b3c07ca) Importer(815301076,1909f56bfc062723c751e8b465ee728b) (PreviewImporter) -> (artifact id: '25511994e3c319f01e547e0ba8194df9') in 0.0048017 seconds
Number of updated asset objects reloaded before import = 0Number of asset objects unloaded after import = 10

========================================================================
Received Import Request.
  Time since last request: 0.000016 seconds.
  path: Assets/Models/OccaSoftware/Low Poly Fantasy Village/Prefabs/Path Piece_12.prefab
  artifactKey: Guid(153f3075a51f5974d9809c5d794d6ce1) Importer(815301076,1909f56bfc062723c751e8b465ee728b)
Start importing Assets/Models/OccaSoftware/Low Poly Fantasy Village/Prefabs/Path Piece_12.prefab using Guid(153f3075a51f5974d9809c5d794d6ce1) Importer(815301076,1909f56bfc062723c751e8b465ee728b) (PreviewImporter) -> (artifact id: '34d3bdc5d65f3187ba29a7e4b437193a') in 0.0063113 seconds
Number of updated asset objects reloaded before import = 0Number of asset objects unloaded after import = 10

========================================================================
Received Import Request.
  Time since last request: 1.165531 seconds.
  path: Assets/Models/OccaSoftware/Low Poly Fantasy Village/Prefabs/Pine Tree_1.prefab
  artifactKey: Guid(f30a358b7336975468ee7d12a0aa30c7) Importer(815301076,1909f56bfc062723c751e8b465ee728b)
Start importing Assets/Models/OccaSoftware/Low Poly Fantasy Village/Prefabs/Pine Tree_1.prefab using Guid(f30a358b7336975468ee7d12a0aa30c7) Importer(815301076,1909f56bfc062723c751e8b465ee728b) (PreviewImporter) -> (artifact id: '08dacf1f4e94027a0bf72308d49cf1f1') in 0.0142427 seconds
Number of updated asset objects reloaded before import = 0Number of asset objects unloaded after import = 10

========================================================================
Received Import Request.
  Time since last request: 0.003400 seconds.
  path: Assets/Models/OccaSoftware/Low Poly Fantasy Village/Prefabs/Pine Tree_4.prefab
  artifactKey: Guid(e735c04079cd2ec41a27bac1b848bfc0) Importer(815301076,1909f56bfc062723c751e8b465ee728b)
Start importing Assets/Models/OccaSoftware/Low Poly Fantasy Village/Prefabs/Pine Tree_4.prefab using Guid(e735c04079cd2ec41a27bac1b848bfc0) Importer(815301076,1909f56bfc062723c751e8b465ee728b) (PreviewImporter) -> (artifact id: '14b74c794e61cb7fb28887bcabf0009f') in 0.0221853 seconds
Number of updated asset objects reloaded before import = 0Number of asset objects unloaded after import = 10

========================================================================
Received Import Request.
  Time since last request: 0.410281 seconds.
  path: Assets/Models/OccaSoftware/Low Poly Fantasy Village/Prefabs/Rock_4.prefab
  artifactKey: Guid(7ee2debd6ad2dd2498222dd51ab640c2) Importer(815301076,1909f56bfc062723c751e8b465ee728b)
Start importing Assets/Models/OccaSoftware/Low Poly Fantasy Village/Prefabs/Rock_4.prefab using Guid(7ee2debd6ad2dd2498222dd51ab640c2) Importer(815301076,1909f56bfc062723c751e8b465ee728b) (PreviewImporter) -> (artifact id: '1f86317b2538887598cc94f9fd2b3d4d') in 0.0163125 seconds
Number of updated asset objects reloaded before import = 0Number of asset objects unloaded after import = 10

========================================================================
Received Import Request.
  Time since last request: 0.000013 seconds.
  path: Assets/Models/OccaSoftware/Low Poly Fantasy Village/Prefabs/Tree_3.prefab
  artifactKey: Guid(705b5aa8b3cca7b4b856850fa92e2270) Importer(815301076,1909f56bfc062723c751e8b465ee728b)
Start importing Assets/Models/OccaSoftware/Low Poly Fantasy Village/Prefabs/Tree_3.prefab using Guid(705b5aa8b3cca7b4b856850fa92e2270) Importer(815301076,1909f56bfc062723c751e8b465ee728b) (PreviewImporter) -> (artifact id: '94f46520f34c24c8e1b3366ea1feb9e5') in 0.0320201 seconds
Number of updated asset objects reloaded before import = 0Number of asset objects unloaded after import = 10

========================================================================
Received Import Request.
  Time since last request: 0.000015 seconds.
  path: Assets/Models/OccaSoftware/Low Poly Fantasy Village/Prefabs/Tree_5.prefab
  artifactKey: Guid(2186aabdeb39ce6449ceb9b0878704b5) Importer(815301076,1909f56bfc062723c751e8b465ee728b)
Start importing Assets/Models/OccaSoftware/Low Poly Fantasy Village/Prefabs/Tree_5.prefab using Guid(2186aabdeb39ce6449ceb9b0878704b5) Importer(815301076,1909f56bfc062723c751e8b465ee728b) (PreviewImporter) -> (artifact id: '3e373c0a4f87e4835c22633c97664080') in 0.0146502 seconds
Number of updated asset objects reloaded before import = 0Number of asset objects unloaded after import = 10

========================================================================
Received Import Request.
  Time since last request: 0.784956 seconds.
  path: Assets/Models/OccaSoftware/Low Poly Fantasy Village/Prefabs/Village.prefab
  artifactKey: Guid(b712f6f8036eeec408a1d060242abb51) Importer(815301076,1909f56bfc062723c751e8b465ee728b)
Start importing Assets/Models/OccaSoftware/Low Poly Fantasy Village/Prefabs/Village.prefab using Guid(b712f6f8036eeec408a1d060242abb51) Importer(815301076,1909f56bfc062723c751e8b465ee728b) (PreviewImporter) -> (artifact id: 'e4c5b40ac775aae736fc292601f824b0') in 0.1664406 seconds
Number of updated asset objects reloaded before import = 0Number of asset objects unloaded after import = 7042

========================================================================
Received Prepare
Assembly reference Packages/com.unity.cinemachine/Editor/Samples/ExposeHDRPInternals/HDRP-Editor-ref.asmref has no target assembly definition
Assembly reference Packages/com.unity.cinemachine/Editor/Samples/ExposeHDRPInternals/HDRP-Editor-ref.asmref has no target assembly definition
Begin MonoManager ReloadAssembly
[Licensing::Client] Successfully resolved entitlement details
- Loaded All Assemblies, in  0.522 seconds
Assembly reference Packages/com.unity.cinemachine/Editor/Samples/ExposeHDRPInternals/HDRP-Editor-ref.asmref has no target assembly definition
Script 'Tree' has the same name as built-in Unity component.
AddComponent and GetComponent will not work with this script.
'Packages/com.unity.cinemachine/Editor/Obsolete/CinemachineVirtualCameraBaseEditor.cs' contains partial class of Unity.Object, exactly 1 of the partial classes needs to be in a file with the same filename. This is to know the one that can be referenced from ie. GameObjects
'Packages/com.unity.cinemachine/Editor/Editors/CinemachineVirtualCameraBaseEditor.cs' contains partial class of Unity.Object, exactly 1 of the partial classes needs to be in a file with the same filename. This is to know the one that can be referenced from ie. GameObjects
Refreshing native plugins compatible for Editor in 0.34 ms, found 3 plugins.
Native extension for WindowsStandalone target not found
Native extension for WebGL target not found
Assembly reference Packages/com.unity.cinemachine/Editor/Samples/ExposeHDRPInternals/HDRP-Editor-ref.asmref has no target assembly definition
Error saving file Library/StateCache/LayerSettings/9e/9ecc5c3c162a7aba29bafa64c8b94b7c.json. Error: System.IO.IOException: Sharing violation on path D:\Github\Project-Survival\Library\StateCache\LayerSettings\9e\9ecc5c3c162a7aba29bafa64c8b94b7c.json
  at System.IO.FileStream..ctor (System.String path, System.IO.FileMode mode, System.IO.FileAccess access, System.IO.FileShare share, System.Int32 bufferSize, System.Boolean anonymous, System.IO.FileOptions options) [0x0019e] in <73ac12a12f9a4ebca156b41ddce95fbe>:0 
  at System.IO.FileStream..ctor (System.String path, System.IO.FileMode mode, System.IO.FileAccess access, System.IO.FileShare share, System.Int32 bufferSize, System.IO.FileOptions options) [0x00000] in <73ac12a12f9a4ebca156b41ddce95fbe>:0 
  at (wrapper remoting-invoke-with-check) System.IO.FileStream..ctor(string,System.IO.FileMode,System.IO.FileAccess,System.IO.FileShare,int,System.IO.FileOptions)
  at System.IO.StreamWriter..ctor (System.String path, System.Boolean append, System.Text.Encoding encoding, System.Int32 bufferSize) [0x00055] in <73ac12a12f9a4ebca156b41ddce95fbe>:0 
  at System.IO.StreamWriter..ctor (System.String path, System.Boolean append, System.Text.Encoding encoding) [0x00000] in <73ac12a12f9a4ebca156b41ddce95fbe>:0 
  at (wrapper remoting-invoke-with-check) System.IO.StreamWriter..ctor(string,bool,System.Text.Encoding)
  at System.IO.File.WriteAllText (System.String path, System.String contents, System.Text.Encoding encoding) [0x00034] in <73ac12a12f9a4ebca156b41ddce95fbe>:0 
  at UnityEditor.StateCache`1[T].SetState (UnityEngine.Hash128 key, T obj) [0x0004b] in <cd9b23508c04492a9e7051cbb9076578>:0 
UnityEngine.Debug:ExtractStackTraceNoAlloc (byte*,int,string)
UnityEngine.StackTraceUtility:ExtractStackTrace ()
UnityEngine.DebugLogHandler:Internal_Log (UnityEngine.LogType,UnityEngine.LogOption,string,UnityEngine.Object)
UnityEngine.DebugLogHandler:LogFormat (UnityEngine.LogType,UnityEngine.Object,string,object[])
UnityEngine.Logger:Log (UnityEngine.LogType,object)
UnityEngine.Debug:LogError (object)
UnityEditor.StateCache`1<UnityEditor.Tools/LayerSettings>:SetState (UnityEngine.Hash128,UnityEditor.Tools/LayerSettings)
UnityEditor.Tools:set_lockedLayers (int)
UnityEditor.Tools:OnEnable ()
UnityEngine.ScriptableObject:CreateScriptableObjectInstanceFromType (System.Type,bool)
UnityEngine.ScriptableObject:CreateInstance (System.Type)
UnityEngine.ScriptableObject:CreateInstance<UnityEditor.Tools> ()
UnityEditor.Tools:get_get ()
UnityEditor.Tools:get_visibleLayers ()
UnityEditor.Animations.Rigging.BoneRendererUtils:.cctor () (at ./Library/PackageCache/com.unity.animation.rigging@e106d1f78228/Editor/Utils/BoneRendererUtils.cs:121)
System.Runtime.CompilerServices.RuntimeHelpers:RunClassConstructor (System.RuntimeTypeHandle)
UnityEditor.EditorAssemblies:ProcessInitializeOnLoadAttributes (System.Type[])

(Filename: ./Library/PackageCache/com.unity.animation.rigging@e106d1f78228/Editor/Utils/BoneRendererUtils.cs Line: 121)

[MODES] ModeService[none].Initialize
[MODES] ModeService[none].LoadModes
[Package Manager] Failed to launch server process. Reason: Unity was launched with the -noUpm command-line argument
[Package Manager] Unable to send message (not connected to server process).
[Package Manager] Cannot connect to Unity Package Manager local server
[Package Manager] Failed to launch server process. Reason: Unity was launched with the -noUpm command-line argument
[Package Manager] Unable to send message (not connected to server process).
[Package Manager] Cannot connect to Unity Package Manager local server
Mono: successfully reloaded assembly
- Finished resetting the current domain, in  0.601 seconds
Domain Reload Profiling: 1125ms
	BeginReloadAssembly (157ms)
		ExecutionOrderSort (0ms)
		DisableScriptedObjects (12ms)
		BackupInstance (0ms)
		ReleaseScriptingObjects (0ms)
		CreateAndSetChildDomain (41ms)
	RebuildCommonClasses (22ms)
	RebuildNativeTypeToScriptingClass (8ms)
	initialDomainReloadingComplete (17ms)
	LoadAllAssembliesAndSetupDomain (320ms)
		LoadAssemblies (234ms)
		RebuildTransferFunctionScriptingTraits (0ms)
		AnalyzeDomain (145ms)
			TypeCache.Refresh (5ms)
				TypeCache.ScanAssembly (0ms)
			BuildScriptInfoCaches (127ms)
			ResolveRequiredComponents (8ms)
	FinalizeReload (602ms)
		ReleaseScriptCaches (0ms)
		RebuildScriptCaches (0ms)
		SetupLoadedEditorAssemblies (495ms)
			LogAssemblyErrors (0ms)
			InitializePlatformSupportModulesInManaged (2ms)
			SetLoadedEditorAssemblies (4ms)
			BeforeProcessingInitializeOnLoad (74ms)
			ProcessInitializeOnLoadAttributes (369ms)
			ProcessInitializeOnLoadMethodAttributes (42ms)
			AfterProcessingInitializeOnLoad (3ms)
			EditorAssembliesLoaded (0ms)
		ExecutionOrderSort2 (0ms)
		AwakeInstancesAfterBackupRestoration (11ms)
Refreshing native plugins compatible for Editor in 0.67 ms, found 3 plugins.
Preloading 0 native plugins for Editor in 0.00 ms.
Unloading 14 Unused Serialized files (Serialized files now loaded: 0)
Unloading 6753 unused Assets / (4.8 MB). Loaded Objects now: 7497.
Memory consumption went from 241.9 MB to 237.0 MB.
Total: 6.522300 ms (FindLiveObjects: 0.413100 ms CreateObjectMapping: 0.311100 ms MarkObjects: 3.877700 ms  DeleteObjects: 1.919400 ms)

Prepare: number of updated asset objects reloaded= 0
========================================================================
Received Prepare
Assembly reference Packages/com.unity.cinemachine/Editor/Samples/ExposeHDRPInternals/HDRP-Editor-ref.asmref has no target assembly definition
Assembly reference Packages/com.unity.cinemachine/Editor/Samples/ExposeHDRPInternals/HDRP-Editor-ref.asmref has no target assembly definition
Begin MonoManager ReloadAssembly
[Licensing::Client] Successfully resolved entitlement details
- Loaded All Assemblies, in  0.487 seconds
Assembly reference Packages/com.unity.cinemachine/Editor/Samples/ExposeHDRPInternals/HDRP-Editor-ref.asmref has no target assembly definition
Script 'Tree' has the same name as built-in Unity component.
AddComponent and GetComponent will not work with this script.
'Packages/com.unity.cinemachine/Editor/Obsolete/CinemachineVirtualCameraBaseEditor.cs' contains partial class of Unity.Object, exactly 1 of the partial classes needs to be in a file with the same filename. This is to know the one that can be referenced from ie. GameObjects
'Packages/com.unity.cinemachine/Editor/Editors/CinemachineVirtualCameraBaseEditor.cs' contains partial class of Unity.Object, exactly 1 of the partial classes needs to be in a file with the same filename. This is to know the one that can be referenced from ie. GameObjects
Refreshing native plugins compatible for Editor in 0.32 ms, found 3 plugins.
Native extension for WindowsStandalone target not found
Native extension for WebGL target not found
Assembly reference Packages/com.unity.cinemachine/Editor/Samples/ExposeHDRPInternals/HDRP-Editor-ref.asmref has no target assembly definition
Error saving file Library/StateCache/LayerSettings/9e/9ecc5c3c162a7aba29bafa64c8b94b7c.json. Error: System.IO.IOException: Sharing violation on path D:\Github\Project-Survival\Library\StateCache\LayerSettings\9e\9ecc5c3c162a7aba29bafa64c8b94b7c.json
  at System.IO.FileStream..ctor (System.String path, System.IO.FileMode mode, System.IO.FileAccess access, System.IO.FileShare share, System.Int32 bufferSize, System.Boolean anonymous, System.IO.FileOptions options) [0x0019e] in <73ac12a12f9a4ebca156b41ddce95fbe>:0 
  at System.IO.FileStream..ctor (System.String path, System.IO.FileMode mode, System.IO.FileAccess access, System.IO.FileShare share, System.Int32 bufferSize, System.IO.FileOptions options) [0x00000] in <73ac12a12f9a4ebca156b41ddce95fbe>:0 
  at (wrapper remoting-invoke-with-check) System.IO.FileStream..ctor(string,System.IO.FileMode,System.IO.FileAccess,System.IO.FileShare,int,System.IO.FileOptions)
  at System.IO.StreamWriter..ctor (System.String path, System.Boolean append, System.Text.Encoding encoding, System.Int32 bufferSize) [0x00055] in <73ac12a12f9a4ebca156b41ddce95fbe>:0 
  at System.IO.StreamWriter..ctor (System.String path, System.Boolean append, System.Text.Encoding encoding) [0x00000] in <73ac12a12f9a4ebca156b41ddce95fbe>:0 
  at (wrapper remoting-invoke-with-check) System.IO.StreamWriter..ctor(string,bool,System.Text.Encoding)
  at System.IO.File.WriteAllText (System.String path, System.String contents, System.Text.Encoding encoding) [0x00034] in <73ac12a12f9a4ebca156b41ddce95fbe>:0 
  at UnityEditor.StateCache`1[T].SetState (UnityEngine.Hash128 key, T obj) [0x0004b] in <cd9b23508c04492a9e7051cbb9076578>:0 
UnityEngine.Debug:ExtractStackTraceNoAlloc (byte*,int,string)
UnityEngine.StackTraceUtility:ExtractStackTrace ()
UnityEngine.DebugLogHandler:Internal_Log (UnityEngine.LogType,UnityEngine.LogOption,string,UnityEngine.Object)
UnityEngine.DebugLogHandler:LogFormat (UnityEngine.LogType,UnityEngine.Object,string,object[])
UnityEngine.Logger:Log (UnityEngine.LogType,object)
UnityEngine.Debug:LogError (object)
UnityEditor.StateCache`1<UnityEditor.Tools/LayerSettings>:SetState (UnityEngine.Hash128,UnityEditor.Tools/LayerSettings)
UnityEditor.Tools:set_lockedLayers (int)
UnityEditor.Tools:OnEnable ()
UnityEngine.ScriptableObject:CreateScriptableObjectInstanceFromType (System.Type,bool)
UnityEngine.ScriptableObject:CreateInstance (System.Type)
UnityEngine.ScriptableObject:CreateInstance<UnityEditor.Tools> ()
UnityEditor.Tools:get_get ()
UnityEditor.Tools:get_visibleLayers ()
UnityEditor.Animations.Rigging.BoneRendererUtils:.cctor () (at ./Library/PackageCache/com.unity.animation.rigging@e106d1f78228/Editor/Utils/BoneRendererUtils.cs:121)
System.Runtime.CompilerServices.RuntimeHelpers:RunClassConstructor (System.RuntimeTypeHandle)
UnityEditor.EditorAssemblies:ProcessInitializeOnLoadAttributes (System.Type[])

(Filename: ./Library/PackageCache/com.unity.animation.rigging@e106d1f78228/Editor/Utils/BoneRendererUtils.cs Line: 121)

[MODES] ModeService[none].Initialize
[MODES] ModeService[none].LoadModes
[Package Manager] Failed to launch server process. Reason: Unity was launched with the -noUpm command-line argument
[Package Manager] Unable to send message (not connected to server process).
[Package Manager] Cannot connect to Unity Package Manager local server
[Package Manager] Failed to launch server process. Reason: Unity was launched with the -noUpm command-line argument
[Package Manager] Unable to send message (not connected to server process).
[Package Manager] Cannot connect to Unity Package Manager local server
Mono: successfully reloaded assembly
- Finished resetting the current domain, in  0.627 seconds
Domain Reload Profiling: 1115ms
	BeginReloadAssembly (136ms)
		ExecutionOrderSort (0ms)
		DisableScriptedObjects (3ms)
		BackupInstance (0ms)
		ReleaseScriptingObjects (0ms)
		CreateAndSetChildDomain (31ms)
	RebuildCommonClasses (22ms)
	RebuildNativeTypeToScriptingClass (8ms)
	initialDomainReloadingComplete (17ms)
	LoadAllAssembliesAndSetupDomain (306ms)
		LoadAssemblies (223ms)
		RebuildTransferFunctionScriptingTraits (0ms)
		AnalyzeDomain (140ms)
			TypeCache.Refresh (5ms)
				TypeCache.ScanAssembly (0ms)
			BuildScriptInfoCaches (122ms)
			ResolveRequiredComponents (9ms)
	FinalizeReload (627ms)
		ReleaseScriptCaches (0ms)
		RebuildScriptCaches (0ms)
		SetupLoadedEditorAssemblies (526ms)
			LogAssemblyErrors (0ms)
			InitializePlatformSupportModulesInManaged (2ms)
			SetLoadedEditorAssemblies (3ms)
			BeforeProcessingInitializeOnLoad (79ms)
			ProcessInitializeOnLoadAttributes (394ms)
			ProcessInitializeOnLoadMethodAttributes (43ms)
			AfterProcessingInitializeOnLoad (4ms)
			EditorAssembliesLoaded (0ms)
		ExecutionOrderSort2 (0ms)
		AwakeInstancesAfterBackupRestoration (15ms)
Refreshing native plugins compatible for Editor in 0.52 ms, found 3 plugins.
Preloading 0 native plugins for Editor in 0.00 ms.
Unloading 14 Unused Serialized files (Serialized files now loaded: 0)
Unloading 6752 unused Assets / (4.9 MB). Loaded Objects now: 7501.
Memory consumption went from 241.7 MB to 236.8 MB.
Total: 6.831700 ms (FindLiveObjects: 0.453900 ms CreateObjectMapping: 0.248900 ms MarkObjects: 4.176100 ms  DeleteObjects: 1.951900 ms)

Prepare: number of updated asset objects reloaded= 0
========================================================================
Received Import Request.
  Time since last request: 17644.144678 seconds.
  path: Assets/Particles/Hovl Studio/Prefabs/Hits and explosions/Explosion.prefab
  artifactKey: Guid(8eb503696b886e04faff8fc0f480d473) Importer(815301076,1909f56bfc062723c751e8b465ee728b)
Start importing Assets/Particles/Hovl Studio/Prefabs/Hits and explosions/Explosion.prefab using Guid(8eb503696b886e04faff8fc0f480d473) Importer(815301076,1909f56bfc062723c751e8b465ee728b) (PreviewImporter) -> (artifact id: '5c33155e5ab00dbc325c869b09b9de3a') in 0.4497643 seconds
Number of updated asset objects reloaded before import = 0Number of asset objects unloaded after import = 24

========================================================================
Received Import Request.
  Time since last request: 0.000104 seconds.
  path: Assets/Particles/Hovl Studio/Prefabs/Hits and explosions/Stones hit.prefab
  artifactKey: Guid(9b21333b068a5084ba09535839bee3c8) Importer(815301076,1909f56bfc062723c751e8b465ee728b)
Start importing Assets/Particles/Hovl Studio/Prefabs/Hits and explosions/Stones hit.prefab using Guid(9b21333b068a5084ba09535839bee3c8) Importer(815301076,1909f56bfc062723c751e8b465ee728b) (PreviewImporter) -> (artifact id: '7acf85d94b6830e829852bd5b4e46220') in 0.0098021 seconds
Number of updated asset objects reloaded before import = 0Number of asset objects unloaded after import = 24

========================================================================
Received Import Request.
  Time since last request: 0.000025 seconds.
  path: Assets/Particles/Hovl Studio/Prefabs/Hits and explosions/Holy hit.prefab
  artifactKey: Guid(e190bf97c041e58448af6b043116cba0) Importer(815301076,1909f56bfc062723c751e8b465ee728b)
Start importing Assets/Particles/Hovl Studio/Prefabs/Hits and explosions/Holy hit.prefab using Guid(e190bf97c041e58448af6b043116cba0) Importer(815301076,1909f56bfc062723c751e8b465ee728b) (PreviewImporter) -> (artifact id: '1c23c7dd54f175434b58ec283ae073dd') in 0.0125684 seconds
Number of updated asset objects reloaded before import = 0Number of asset objects unloaded after import = 30

========================================================================
Received Import Request.
  Time since last request: 27.946238 seconds.
  path: Assets/Particles/Hovl Studio/Prefabs/Magic circles/Healing circle.prefab
  artifactKey: Guid(12a56ee4630040c4eb17ae9707ed4cef) Importer(815301076,1909f56bfc062723c751e8b465ee728b)
Start importing Assets/Particles/Hovl Studio/Prefabs/Magic circles/Healing circle.prefab using Guid(12a56ee4630040c4eb17ae9707ed4cef) Importer(815301076,1909f56bfc062723c751e8b465ee728b) (PreviewImporter) -> (artifact id: '63c3bf9767ee6bbe4a70ca544a256051') in 0.0588204 seconds
Number of updated asset objects reloaded before import = 0Number of asset objects unloaded after import = 32

========================================================================
Received Import Request.
  Time since last request: 17.034200 seconds.
  path: Assets/Particles/Hovl Studio/Prefabs/Environment/Crystal effect green.prefab
  artifactKey: Guid(00bba72dbda252a4eac12e218848cb44) Importer(815301076,1909f56bfc062723c751e8b465ee728b)
Start importing Assets/Particles/Hovl Studio/Prefabs/Environment/Crystal effect green.prefab using Guid(00bba72dbda252a4eac12e218848cb44) Importer(815301076,1909f56bfc062723c751e8b465ee728b) (PreviewImporter) -> (artifact id: 'b0995953052f9fd2da9ad8e693eca6eb') in 0.5763212 seconds
Number of updated asset objects reloaded before import = 0Number of asset objects unloaded after import = 30

========================================================================
Received Import Request.
  Time since last request: 11.738033 seconds.
  path: Assets/Particles/Hovl Studio/Prefabs/Slash effects/Charge slash purple.prefab
  artifactKey: Guid(df9374346b76e444dbbb2b019de4da25) Importer(815301076,1909f56bfc062723c751e8b465ee728b)
Start importing Assets/Particles/Hovl Studio/Prefabs/Slash effects/Charge slash purple.prefab using Guid(df9374346b76e444dbbb2b019de4da25) Importer(815301076,1909f56bfc062723c751e8b465ee728b) (PreviewImporter) -> (artifact id: 'be5516759bd82c84d1d214afa9f862df') in 0.0086551 seconds
Number of updated asset objects reloaded before import = 0Number of asset objects unloaded after import = 33

========================================================================
Received Import Request.
  Time since last request: 0.002195 seconds.
  path: Assets/Particles/Hovl Studio/Prefabs/Slash effects/Electro slash.prefab
  artifactKey: Guid(4aa9f30a28a77224ba84b2a2c334c71b) Importer(815301076,1909f56bfc062723c751e8b465ee728b)
Start importing Assets/Particles/Hovl Studio/Prefabs/Slash effects/Electro slash.prefab using Guid(4aa9f30a28a77224ba84b2a2c334c71b) Importer(815301076,1909f56bfc062723c751e8b465ee728b) (PreviewImporter) -> (artifact id: '0ada8d30a9581d5a5036f200a68fbf67') in 0.0253175 seconds
Number of updated asset objects reloaded before import = 0Number of asset objects unloaded after import = 28

========================================================================
Received Import Request.
  Time since last request: 25.059607 seconds.
  path: Assets/Particles/Hovl Studio/Prefabs/Sparks/Sparks explode blue.prefab
  artifactKey: Guid(1095a5c9f65bfbe4383f63d5d1886c65) Importer(815301076,1909f56bfc062723c751e8b465ee728b)
Start importing Assets/Particles/Hovl Studio/Prefabs/Sparks/Sparks explode blue.prefab using Guid(1095a5c9f65bfbe4383f63d5d1886c65) Importer(815301076,1909f56bfc062723c751e8b465ee728b) (PreviewImporter) -> (artifact id: '7f3e078816c3e51a6d601f118c64fcb2') in 0.0051834 seconds
Number of updated asset objects reloaded before import = 0Number of asset objects unloaded after import = 8

========================================================================
Received Import Request.
  Time since last request: 0.002535 seconds.
  path: Assets/Particles/Hovl Studio/Prefabs/Sparks/Sparks explode pink.prefab
  artifactKey: Guid(48e196c36363e814bad43a44c92dc11b) Importer(815301076,1909f56bfc062723c751e8b465ee728b)
Start importing Assets/Particles/Hovl Studio/Prefabs/Sparks/Sparks explode pink.prefab using Guid(48e196c36363e814bad43a44c92dc11b) Importer(815301076,1909f56bfc062723c751e8b465ee728b) (PreviewImporter) -> (artifact id: 'f0a7db255da66195f531e83bcf8f357f') in 0.0201633 seconds
Number of updated asset objects reloaded before import = 0Number of asset objects unloaded after import = 8

========================================================================
Received Import Request.
  Time since last request: 0.010434 seconds.
  path: Assets/Particles/Hovl Studio/Prefabs/Sparks/Sparks flashing blue.prefab
  artifactKey: Guid(fb66a85d95aa25e439cb3c7792564804) Importer(815301076,1909f56bfc062723c751e8b465ee728b)
Start importing Assets/Particles/Hovl Studio/Prefabs/Sparks/Sparks flashing blue.prefab using Guid(fb66a85d95aa25e439cb3c7792564804) Importer(815301076,1909f56bfc062723c751e8b465ee728b) (PreviewImporter) -> (artifact id: '2ff5308ae2d2b37f35ef55652851c06d') in 0.0049776 seconds
Number of updated asset objects reloaded before import = 0Number of asset objects unloaded after import = 8

========================================================================
Received Import Request.
  Time since last request: 0.018503 seconds.
  path: Assets/Particles/Hovl Studio/Prefabs/Sparks/Sparks flashing red.prefab
  artifactKey: Guid(6fec832863289f04a854167bc2650d9b) Importer(815301076,1909f56bfc062723c751e8b465ee728b)
Start importing Assets/Particles/Hovl Studio/Prefabs/Sparks/Sparks flashing red.prefab using Guid(6fec832863289f04a854167bc2650d9b) Importer(815301076,1909f56bfc062723c751e8b465ee728b) (PreviewImporter) -> (artifact id: 'a872bd682ead71f78265431eb8d84de9') in 0.0060825 seconds
Number of updated asset objects reloaded before import = 0Number of asset objects unloaded after import = 8

========================================================================
Received Import Request.
  Time since last request: 0.001256 seconds.
  path: Assets/Particles/Hovl Studio/Prefabs/Sparks/Sparks pink.prefab
  artifactKey: Guid(e4a831baccba453479bb744202efc891) Importer(815301076,1909f56bfc062723c751e8b465ee728b)
Start importing Assets/Particles/Hovl Studio/Prefabs/Sparks/Sparks pink.prefab using Guid(e4a831baccba453479bb744202efc891) Importer(815301076,1909f56bfc062723c751e8b465ee728b) (PreviewImporter) -> (artifact id: '9d172a7858562bcda0fb73ddfd82c7a9') in 0.0047377 seconds
Number of updated asset objects reloaded before import = 0Number of asset objects unloaded after import = 8

========================================================================
Received Import Request.
  Time since last request: 0.001048 seconds.
  path: Assets/Particles/Hovl Studio/Prefabs/Sparks/Sparks white.prefab
  artifactKey: Guid(010733280c7cd0b4294a9867b26a13f4) Importer(815301076,1909f56bfc062723c751e8b465ee728b)
Start importing Assets/Particles/Hovl Studio/Prefabs/Sparks/Sparks white.prefab using Guid(010733280c7cd0b4294a9867b26a13f4) Importer(815301076,1909f56bfc062723c751e8b465ee728b) (PreviewImporter) -> (artifact id: '3805b120188f17e88cf3bbf3b0c43b77') in 0.0051415 seconds
Number of updated asset objects reloaded before import = 0Number of asset objects unloaded after import = 8

========================================================================
Received Import Request.
  Time since last request: 13.552582 seconds.
  path: Assets/Particles/Hovl Studio/Prefabs/Magic shields/Magic shield pink.prefab
  artifactKey: Guid(5156d6689efbccb4991059f3a5755566) Importer(815301076,1909f56bfc062723c751e8b465ee728b)
Start importing Assets/Particles/Hovl Studio/Prefabs/Magic shields/Magic shield pink.prefab using Guid(5156d6689efbccb4991059f3a5755566) Importer(815301076,1909f56bfc062723c751e8b465ee728b) (PreviewImporter) -> (artifact id: '3f10bb22d9d8b2a5e3fd27338019ab2b') in 0.0071428 seconds
Number of updated asset objects reloaded before import = 0Number of asset objects unloaded after import = 23

========================================================================
Received Import Request.
  Time since last request: 12.264993 seconds.
  path: Assets/Particles/Hovl Studio/Prefabs/Portals/Portal green.prefab
  artifactKey: Guid(13c990b8270c70b4c9f196019286028c) Importer(815301076,1909f56bfc062723c751e8b465ee728b)
Start importing Assets/Particles/Hovl Studio/Prefabs/Portals/Portal green.prefab using Guid(13c990b8270c70b4c9f196019286028c) Importer(815301076,1909f56bfc062723c751e8b465ee728b) (PreviewImporter) -> (artifact id: '333c74ada01a40d60ce0bd8b4acfd748') in 0.1171918 seconds
Number of updated asset objects reloaded before import = 0Number of asset objects unloaded after import = 26

========================================================================
Received Import Request.
  Time since last request: 18.732574 seconds.
  path: Assets/Particles/Hovl Studio/Prefabs/Character auras/Debuff.prefab
  artifactKey: Guid(a58aa9a78f2b45b45bb0f3e2e1e3ad3c) Importer(815301076,1909f56bfc062723c751e8b465ee728b)
Start importing Assets/Particles/Hovl Studio/Prefabs/Character auras/Debuff.prefab using Guid(a58aa9a78f2b45b45bb0f3e2e1e3ad3c) Importer(815301076,1909f56bfc062723c751e8b465ee728b) (PreviewImporter) -> (artifact id: '7e79ac3ceb3b5bb9be4fe804472bb9b8') in 0.0071987 seconds
Number of updated asset objects reloaded before import = 0Number of asset objects unloaded after import = 26

========================================================================
Received Import Request.
  Time since last request: 0.000655 seconds.
  path: Assets/Particles/Hovl Studio/Prefabs/Character auras/Lightning aura.prefab
  artifactKey: Guid(4d9a3b35b3bc07649b697df7fb497b6d) Importer(815301076,1909f56bfc062723c751e8b465ee728b)
Start importing Assets/Particles/Hovl Studio/Prefabs/Character auras/Lightning aura.prefab using Guid(4d9a3b35b3bc07649b697df7fb497b6d) Importer(815301076,1909f56bfc062723c751e8b465ee728b) (PreviewImporter) -> (artifact id: '2dfb4c9aea4e0cbe1521a2daa8583d1d') in 0.0082316 seconds
Number of updated asset objects reloaded before import = 0Number of asset objects unloaded after import = 20

========================================================================
Received Import Request.
  Time since last request: 0.000028 seconds.
  path: Assets/Particles/Hovl Studio/Prefabs/Character auras/Star aura.prefab
  artifactKey: Guid(354b6251e950209409c75ab984acf000) Importer(815301076,1909f56bfc062723c751e8b465ee728b)
Start importing Assets/Particles/Hovl Studio/Prefabs/Character auras/Star aura.prefab using Guid(354b6251e950209409c75ab984acf000) Importer(815301076,1909f56bfc062723c751e8b465ee728b) (PreviewImporter) -> (artifact id: '677c13f518c8348b19bcda4948372697') in 0.0136982 seconds
Number of updated asset objects reloaded before import = 0Number of asset objects unloaded after import = 20

========================================================================
Received Import Request.
  Time since last request: 17.032306 seconds.
  path: Assets/Particles/Hovl Studio/Prefabs/AoE effects/AoE slash green.prefab
  artifactKey: Guid(8a43d9f68490c374a93a9e8085555c02) Importer(815301076,1909f56bfc062723c751e8b465ee728b)
Start importing Assets/Particles/Hovl Studio/Prefabs/AoE effects/AoE slash green.prefab using Guid(8a43d9f68490c374a93a9e8085555c02) Importer(815301076,1909f56bfc062723c751e8b465ee728b) (PreviewImporter) -> (artifact id: '43e4b7ba62dfd059be45bfabf5d5b606') in 0.0120294 seconds
Number of updated asset objects reloaded before import = 0Number of asset objects unloaded after import = 34

========================================================================
Received Import Request.
  Time since last request: 0.000016 seconds.
  path: Assets/Particles/Hovl Studio/Prefabs/AoE effects/Crystals crossfade 2.prefab
  artifactKey: Guid(b1ae5055f08b8284d9e996465d1d37e3) Importer(815301076,1909f56bfc062723c751e8b465ee728b)
Start importing Assets/Particles/Hovl Studio/Prefabs/AoE effects/Crystals crossfade 2.prefab using Guid(b1ae5055f08b8284d9e996465d1d37e3) Importer(815301076,1909f56bfc062723c751e8b465ee728b) (PreviewImporter) -> (artifact id: 'dbb2752a62cff1434955574516272432') in 0.0634324 seconds
Number of updated asset objects reloaded before import = 0Number of asset objects unloaded after import = 64

========================================================================
Received Import Request.
  Time since last request: 0.000016 seconds.
  path: Assets/Particles/Hovl Studio/Prefabs/AoE effects/Laser AOE.prefab
  artifactKey: Guid(4d3c8045dd8857a4b8d34c2361c61045) Importer(815301076,1909f56bfc062723c751e8b465ee728b)
Start importing Assets/Particles/Hovl Studio/Prefabs/AoE effects/Laser AOE.prefab using Guid(4d3c8045dd8857a4b8d34c2361c61045) Importer(815301076,1909f56bfc062723c751e8b465ee728b) (PreviewImporter) -> (artifact id: 'e31ca86f2f23afeec6b7d11facb27dcb') in 0.0459976 seconds
Number of updated asset objects reloaded before import = 0Number of asset objects unloaded after import = 62

========================================================================
Received Import Request.
  Time since last request: 2045.597626 seconds.
  path: Assets/Particles/Hovl Studio/Prefabs/AoE effects/AoE slash blue.prefab
  artifactKey: Guid(035ce8c9cfc34104991ce416daf8aebe) Importer(815301076,1909f56bfc062723c751e8b465ee728b)
Start importing Assets/Particles/Hovl Studio/Prefabs/AoE effects/AoE slash blue.prefab using Guid(035ce8c9cfc34104991ce416daf8aebe) Importer(815301076,1909f56bfc062723c751e8b465ee728b) (PreviewImporter) -> (artifact id: '5bf807aefd1c5a10b5d333ca8a41d470') in 0.0134737 seconds
Number of updated asset objects reloaded before import = 0Number of asset objects unloaded after import = 34

========================================================================
Received Import Request.
  Time since last request: 0.000025 seconds.
  path: Assets/Particles/Hovl Studio/Prefabs/AoE effects/Crystals front attack.prefab
  artifactKey: Guid(645ebd7cef59b7b40b27c29bf3e99cf2) Importer(815301076,1909f56bfc062723c751e8b465ee728b)
Start importing Assets/Particles/Hovl Studio/Prefabs/AoE effects/Crystals front attack.prefab using Guid(645ebd7cef59b7b40b27c29bf3e99cf2) Importer(815301076,1909f56bfc062723c751e8b465ee728b) (PreviewImporter) -> (artifact id: '09fa5e1edfbc1fe5cefbd6354a11b5a1') in 0.0086866 seconds
Number of updated asset objects reloaded before import = 0Number of asset objects unloaded after import = 52

========================================================================
Received Import Request.
  Time since last request: 0.000025 seconds.
  path: Assets/Particles/Hovl Studio/Prefabs/AoE effects/Meteors AOE.prefab
  artifactKey: Guid(3355f6bfa6db8b24281b827de929694c) Importer(815301076,1909f56bfc062723c751e8b465ee728b)
Start importing Assets/Particles/Hovl Studio/Prefabs/AoE effects/Meteors AOE.prefab using Guid(3355f6bfa6db8b24281b827de929694c) Importer(815301076,1909f56bfc062723c751e8b465ee728b) (PreviewImporter) -> (artifact id: 'd4ce05e989a53b5fb5ffdd185cfbe65b') in 0.0111733 seconds
Number of updated asset objects reloaded before import = 0Number of asset objects unloaded after import = 47

========================================================================
Received Import Request.
  Time since last request: 0.000015 seconds.
  path: Assets/Particles/Hovl Studio/Prefabs/AoE effects/Crystals crossfade.prefab
  artifactKey: Guid(46009f57772e5e743bec9df57a49ed66) Importer(815301076,1909f56bfc062723c751e8b465ee728b)
Start importing Assets/Particles/Hovl Studio/Prefabs/AoE effects/Crystals crossfade.prefab using Guid(46009f57772e5e743bec9df57a49ed66) Importer(815301076,1909f56bfc062723c751e8b465ee728b) (PreviewImporter) -> (artifact id: '3899bb477edc9c120d70b9c18100b016') in 0.0163724 seconds
Number of updated asset objects reloaded before import = 0Number of asset objects unloaded after import = 64

========================================================================
Received Import Request.
  Time since last request: 0.000017 seconds.
  path: Assets/Particles/Hovl Studio/Prefabs/AoE effects/Red energy explosion.prefab
  artifactKey: Guid(867c572a5be680d42a042d2349f10143) Importer(815301076,1909f56bfc062723c751e8b465ee728b)
Start importing Assets/Particles/Hovl Studio/Prefabs/AoE effects/Red energy explosion.prefab using Guid(867c572a5be680d42a042d2349f10143) Importer(815301076,1909f56bfc062723c751e8b465ee728b) (PreviewImporter) -> (artifact id: '13da1db6a37a37f757d6ad1c54b22281') in 0.0219063 seconds
Number of updated asset objects reloaded before import = 0Number of asset objects unloaded after import = 59

========================================================================
Received Import Request.
  Time since last request: 0.000018 seconds.
  path: Assets/Particles/Hovl Studio/Prefabs/AoE effects/Ground AOE explosion.prefab
  artifactKey: Guid(3dd50886582244645be87adb42aa8528) Importer(815301076,1909f56bfc062723c751e8b465ee728b)
Start importing Assets/Particles/Hovl Studio/Prefabs/AoE effects/Ground AOE explosion.prefab using Guid(3dd50886582244645be87adb42aa8528) Importer(815301076,1909f56bfc062723c751e8b465ee728b) (PreviewImporter) -> (artifact id: '386d5b0858069a2265704e40fed0fe80') in 0.0418041 seconds
Number of updated asset objects reloaded before import = 0Number of asset objects unloaded after import = 32

